pact_mock_server_cli-create v1.0.0
Creates a new mock server from a pact file

USAGE:
    pact_mock_server_cli create [FLAGS] [OPTIONS] --file <file>

FLAGS:
    -c, --cors-preflight    Handle CORS pre-flight requests
        --help              Prints help information
        --no-file-log       Do not log to an output file
        --no-term-log       Use a simple logger instead of the term based one
        --tls               Enable TLS with the mock server (will use a self-signed certificate)

OPTIONS:
    -f, --file <file>            the pact file to define the mock server
    -h, --host <host>            hostname the master mock server runs on (defaults to localhost)
    -l, --loglevel <loglevel>    Log level for mock servers to write to the log file (defaults to info) [possible
                                 values: error, warn, info, debug, trace, none]
    -p, --port <port>            port the master mock server runs on (defaults to 8080)
